=== start 2026-08-11T00:32:28Z ===
[disk] free=319 GB
--- batch 0-2 2026-08-11T00:32:28Z ---
[disk] free=319 GB
segments: 0 checked, none needed
assembled 0 MoE layers -> /home/mbelleau/glm52-k3-stage (verified, 0 segments)
batch 0-2: 5 shards bit-exact, materialized by reflink
[disk] free=319 GB
--- batch 3-12 2026-08-11T00:32:32Z ---
[disk] free=321 GB
segments: 10 checked, signed by a58b7bb79ba58457…
layer   3: {3: 12288}
layer   4: {3: 12288}
layer   5: {3: 12288}
layer   6: {3: 12288}
layer   7: {3: 12288}
layer   8: {3: 12288}
layer   9: {3: 12288}
layer  10: {3: 12288}
layer  11: {3: 12288}
layer  12: {3: 12288}
assembled 10 MoE layers -> /home/mbelleau/glm52-k3-stage (verified, 10 segments)
batch 3-12: 12 shards bit-exact, materialized by reflink
[disk] free=321 GB
--- batch 13-22 2026-08-11T00:34:29Z ---
[disk] free=321 GB
segments: 10 checked, signed by a58b7bb79ba58457…
layer  13: {3: 12288}
layer  14: {3: 12288}
layer  15: {3: 12288}
layer  16: {3: 12288}
layer  17: {3: 12288}
layer  18: {3: 12288}
layer  19: {3: 12288}
layer  20: {3: 12288}
layer  21: {3: 12288}
layer  22: {3: 12288}
assembled 10 MoE layers -> /home/mbelleau/glm52-k3-stage (verified, 10 segments)
batch 13-22: 12 shards bit-exact, materialized by reflink
[disk] free=321 GB
--- batch 23-32 2026-08-11T00:36:58Z ---
[disk] free=321 GB
segments: 10 checked, signed by a58b7bb79ba58457…
layer  23: {3: 12288}
layer  24: {3: 12288}
layer  25: {3: 12288}
layer  26: {3: 12288}
layer  27: {3: 12288}
layer  28: {3: 12288}
layer  29: {3: 12288}
layer  30: {3: 12288}
layer  31: {3: 12288}
layer  32: {3: 12288}
assembled 10 MoE layers -> /home/mbelleau/glm52-k3-stage (verified, 10 segments)
batch 23-32: 12 shards bit-exact, materialized by reflink
[disk] free=321 GB
--- batch 33-42 2026-08-11T00:39:41Z ---
[disk] free=321 GB
segments: 10 checked, signed by a58b7bb79ba58457…
layer  33: {3: 12288}
layer  34: {3: 12288}
layer  35: {3: 12288}
layer  36: {3: 12288}
layer  37: {3: 12288}
layer  38: {3: 12288}
layer  39: {3: 12288}
layer  40: {3: 12288}
layer  41: {3: 12288}
layer  42: {3: 12288}
assembled 10 MoE layers -> /home/mbelleau/glm52-k3-stage (verified, 10 segments)
batch 33-42: 12 shards bit-exact, materialized by reflink
[disk] free=321 GB
--- batch 43-52 2026-08-11T00:42:21Z ---
[disk] free=321 GB
segments: 10 checked, signed by a58b7bb79ba58457…
layer  43: {3: 12288}
layer  44: {3: 12288}
layer  45: {3: 12288}
layer  46: {3: 12288}
layer  47: {3: 12288}
layer  48: {3: 12288}
layer  49: {3: 12288}
layer  50: {3: 12288}
layer  51: {3: 12288}
layer  52: {3: 12288}
assembled 10 MoE layers -> /home/mbelleau/glm52-k3-stage (verified, 10 segments)
batch 43-52: 12 shards bit-exact, materialized by reflink
[disk] free=319 GB
--- batch 53-62 2026-08-11T00:45:09Z ---
[disk] free=321 GB
segments: 10 checked, signed by a58b7bb79ba58457…
layer  53: {3: 12288}
layer  54: {3: 12288}
layer  55: {3: 12288}
layer  56: {3: 12288}
layer  57: {3: 12288}
layer  58: {3: 12288}
layer  59: {3: 12288}
layer  60: {3: 12288}
layer  61: {3: 12288}
layer  62: {3: 12288}
assembled 10 MoE layers -> /home/mbelleau/glm52-k3-stage (verified, 10 segments)
batch 53-62: 12 shards bit-exact, materialized by reflink
[disk] free=302 GB
--- batch 63-72 2026-08-11T00:47:48Z ---
[disk] free=302 GB
segments: 10 checked, signed by a58b7bb79ba58457…
layer  63: {3: 12288}
layer  64: {3: 12288}
layer  65: {3: 12288}
layer  66: {3: 12288}
layer  67: {3: 12288}
layer  68: {3: 12288}
layer  69: {3: 12288}
layer  70: {3: 12288}
layer  71: {3: 12288}
layer  72: {3: 12288}
assembled 10 MoE layers -> /home/mbelleau/glm52-k3-stage (verified, 10 segments)
batch 63-72: 12 shards bit-exact, materialized by reflink
[disk] free=258 GB
--- batch 73-78 2026-08-11T00:50:35Z ---
[disk] free=258 GB
segments: 6 checked, signed by a58b7bb79ba58457…
layer  73: {3: 12288}
layer  74: {3: 12288}
layer  75: {3: 12288}
layer  76: {3: 12288}
layer  77: {3: 12288}
layer  78: {3: 12288}
assembled 6 MoE layers -> /home/mbelleau/glm52-k3-stage (verified, 6 segments)
batch 73-78: 8 shards bit-exact, materialized by reflink
[disk] free=225 GB
=== batches done 2026-08-11T00:52:13Z ===
